Archive member included to satisfy reference by file (symbol)

c:/program files (x86)/atmel/studio/7.0/toolchain/avr8/avr8-gnu-toolchain/bin/../lib/gcc/avr/5.4.0/../../../../avr/lib/avr5\libm.a(addsf3.o)
                              UTILS/utils.o (__subsf3)
c:/program files (x86)/atmel/studio/7.0/toolchain/avr8/avr8-gnu-toolchain/bin/../lib/gcc/avr/5.4.0/../../../../avr/lib/avr5\libm.a(addsf3x.o)
                              c:/program files (x86)/atmel/studio/7.0/toolchain/avr8/avr8-gnu-toolchain/bin/../lib/gcc/avr/5.4.0/../../../../avr/lib/avr5\libm.a(addsf3.o) (__addsf3x)
c:/program files (x86)/atmel/studio/7.0/toolchain/avr8/avr8-gnu-toolchain/bin/../lib/gcc/avr/5.4.0/../../../../avr/lib/avr5\libm.a(cmpsf2.o)
                              ECUAL/LCD/lcd.o (__eqsf2)
c:/program files (x86)/atmel/studio/7.0/toolchain/avr8/avr8-gnu-toolchain/bin/../lib/gcc/avr/5.4.0/../../../../avr/lib/avr5\libm.a(divsf3.o)
                              UTILS/utils.o (__divsf3)
c:/program files (x86)/atmel/studio/7.0/toolchain/avr8/avr8-gnu-toolchain/bin/../lib/gcc/avr/5.4.0/../../../../avr/lib/avr5\libm.a(divsf3x.o)
                              c:/program files (x86)/atmel/studio/7.0/toolchain/avr8/avr8-gnu-toolchain/bin/../lib/gcc/avr/5.4.0/../../../../avr/lib/avr5\libm.a(divsf3.o) (__divsf3x)
c:/program files (x86)/atmel/studio/7.0/toolchain/avr8/avr8-gnu-toolchain/bin/../lib/gcc/avr/5.4.0/../../../../avr/lib/avr5\libm.a(fixunssfsi.o)
                              UTILS/utils.o (__fixunssfsi)
c:/program files (x86)/atmel/studio/7.0/toolchain/avr8/avr8-gnu-toolchain/bin/../lib/gcc/avr/5.4.0/../../../../avr/lib/avr5\libm.a(floatsisf.o)
                              UTILS/utils.o (__floatunsisf)
c:/program files (x86)/atmel/studio/7.0/toolchain/avr8/avr8-gnu-toolchain/bin/../lib/gcc/avr/5.4.0/../../../../avr/lib/avr5\libm.a(fp_cmp.o)
                              c:/program files (x86)/atmel/studio/7.0/toolchain/avr8/avr8-gnu-toolchain/bin/../lib/gcc/avr/5.4.0/../../../../avr/lib/avr5\libm.a(cmpsf2.o) (__fp_cmp)
c:/program files (x86)/atmel/studio/7.0/toolchain/avr8/avr8-gnu-toolchain/bin/../lib/gcc/avr/5.4.0/../../../../avr/lib/avr5\libm.a(fp_inf.o)
                              c:/program files (x86)/atmel/studio/7.0/toolchain/avr8/avr8-gnu-toolchain/bin/../lib/gcc/avr/5.4.0/../../../../avr/lib/avr5\libm.a(addsf3x.o) (__fp_inf)
c:/program files (x86)/atmel/studio/7.0/toolchain/avr8/avr8-gnu-toolchain/bin/../lib/gcc/avr/5.4.0/../../../../avr/lib/avr5\libm.a(fp_nan.o)
                              c:/program files (x86)/atmel/studio/7.0/toolchain/avr8/avr8-gnu-toolchain/bin/../lib/gcc/avr/5.4.0/../../../../avr/lib/avr5\libm.a(addsf3x.o) (__fp_nan)
c:/program files (x86)/atmel/studio/7.0/toolchain/avr8/avr8-gnu-toolchain/bin/../lib/gcc/avr/5.4.0/../../../../avr/lib/avr5\libm.a(fp_pscA.o)
                              c:/program files (x86)/atmel/studio/7.0/toolchain/avr8/avr8-gnu-toolchain/bin/../lib/gcc/avr/5.4.0/../../../../avr/lib/avr5\libm.a(addsf3x.o) (__fp_pscA)
c:/program files (x86)/atmel/studio/7.0/toolchain/avr8/avr8-gnu-toolchain/bin/../lib/gcc/avr/5.4.0/../../../../avr/lib/avr5\libm.a(fp_pscB.o)
                              c:/program files (x86)/atmel/studio/7.0/toolchain/avr8/avr8-gnu-toolchain/bin/../lib/gcc/avr/5.4.0/../../../../avr/lib/avr5\libm.a(addsf3x.o) (__fp_pscB)
c:/program files (x86)/atmel/studio/7.0/toolchain/avr8/avr8-gnu-toolchain/bin/../lib/gcc/avr/5.4.0/../../../../avr/lib/avr5\libm.a(fp_round.o)
                              c:/program files (x86)/atmel/studio/7.0/toolchain/avr8/avr8-gnu-toolchain/bin/../lib/gcc/avr/5.4.0/../../../../avr/lib/avr5\libm.a(addsf3.o) (__fp_round)
c:/program files (x86)/atmel/studio/7.0/toolchain/avr8/avr8-gnu-toolchain/bin/../lib/gcc/avr/5.4.0/../../../../avr/lib/avr5\libm.a(fp_split3.o)
                              c:/program files (x86)/atmel/studio/7.0/toolchain/avr8/avr8-gnu-toolchain/bin/../lib/gcc/avr/5.4.0/../../../../avr/lib/avr5\libm.a(addsf3x.o) (__fp_split3)
c:/program files (x86)/atmel/studio/7.0/toolchain/avr8/avr8-gnu-toolchain/bin/../lib/gcc/avr/5.4.0/../../../../avr/lib/avr5\libm.a(fp_zero.o)
                              c:/program files (x86)/atmel/studio/7.0/toolchain/avr8/avr8-gnu-toolchain/bin/../lib/gcc/avr/5.4.0/../../../../avr/lib/avr5\libm.a(addsf3x.o) (__fp_zero)
c:/program files (x86)/atmel/studio/7.0/toolchain/avr8/avr8-gnu-toolchain/bin/../lib/gcc/avr/5.4.0/../../../../avr/lib/avr5\libm.a(gesf2.o)
                              APP/Car/Motor_MainFunction.o (__gesf2)
c:/program files (x86)/atmel/studio/7.0/toolchain/avr8/avr8-gnu-toolchain/bin/../lib/gcc/avr/5.4.0/../../../../avr/lib/avr5\libm.a(mulsf3.o)
                              ECUAL/ULTRASONIC/Ultrasonic.o (__mulsf3)
c:/program files (x86)/atmel/studio/7.0/toolchain/avr8/avr8-gnu-toolchain/bin/../lib/gcc/avr/5.4.0/../../../../avr/lib/avr5\libm.a(mulsf3x.o)
                              c:/program files (x86)/atmel/studio/7.0/toolchain/avr8/avr8-gnu-toolchain/bin/../lib/gcc/avr/5.4.0/../../../../avr/lib/avr5\libm.a(mulsf3.o) (__mulsf3x)
c:/program files (x86)/atmel/studio/7.0/toolchain/avr8/avr8-gnu-toolchain/bin/../lib/gcc/avr/5.4.0/../../../../avr/lib/avr5\libm.a(pow.o)
                              UTILS/utils.o (pow)
c:/program files (x86)/atmel/studio/7.0/toolchain/avr8/avr8-gnu-toolchain/bin/../lib/gcc/avr/5.4.0/../../../../avr/lib/avr5\libm.a(exp.o)
                              c:/program files (x86)/atmel/studio/7.0/toolchain/avr8/avr8-gnu-toolchain/bin/../lib/gcc/avr/5.4.0/../../../../avr/lib/avr5\libm.a(pow.o) (exp)
c:/program files (x86)/atmel/studio/7.0/toolchain/avr8/avr8-gnu-toolchain/bin/../lib/gcc/avr/5.4.0/../../../../avr/lib/avr5\libm.a(fp_powser.o)
                              c:/program files (x86)/atmel/studio/7.0/toolchain/avr8/avr8-gnu-toolchain/bin/../lib/gcc/avr/5.4.0/../../../../avr/lib/avr5\libm.a(exp.o) (__fp_powser)
c:/program files (x86)/atmel/studio/7.0/toolchain/avr8/avr8-gnu-toolchain/bin/../lib/gcc/avr/5.4.0/../../../../avr/lib/avr5\libm.a(inverse.o)
                              c:/program files (x86)/atmel/studio/7.0/toolchain/avr8/avr8-gnu-toolchain/bin/../lib/gcc/avr/5.4.0/../../../../avr/lib/avr5\libm.a(exp.o) (inverse)
c:/program files (x86)/atmel/studio/7.0/toolchain/avr8/avr8-gnu-toolchain/bin/../lib/gcc/avr/5.4.0/../../../../avr/lib/avr5\libm.a(ldexp.o)
                              c:/program files (x86)/atmel/studio/7.0/toolchain/avr8/avr8-gnu-toolchain/bin/../lib/gcc/avr/5.4.0/../../../../avr/lib/avr5\libm.a(exp.o) (ldexp)
c:/program files (x86)/atmel/studio/7.0/toolchain/avr8/avr8-gnu-toolchain/bin/../lib/gcc/avr/5.4.0/../../../../avr/lib/avr5\libm.a(log.o)
                              c:/program files (x86)/atmel/studio/7.0/toolchain/avr8/avr8-gnu-toolchain/bin/../lib/gcc/avr/5.4.0/../../../../avr/lib/avr5\libm.a(pow.o) (log)
c:/program files (x86)/atmel/studio/7.0/toolchain/avr8/avr8-gnu-toolchain/bin/../lib/gcc/avr/5.4.0/../../../../avr/lib/avr5\libm.a(modf.o)
                              c:/program files (x86)/atmel/studio/7.0/toolchain/avr8/avr8-gnu-toolchain/bin/../lib/gcc/avr/5.4.0/../../../../avr/lib/avr5\libm.a(exp.o) (modf)
c:/program files (x86)/atmel/studio/7.0/toolchain/avr8/avr8-gnu-toolchain/bin/../lib/gcc/avr/5.4.0/../../../../avr/lib/avr5\libm.a(fp_mpack.o)
                              c:/program files (x86)/atmel/studio/7.0/toolchain/avr8/avr8-gnu-toolchain/bin/../lib/gcc/avr/5.4.0/../../../../avr/lib/avr5\libm.a(ldexp.o) (__fp_mpack)
c:/program files (x86)/atmel/studio/7.0/toolchain/avr8/avr8-gnu-toolchain/bin/../lib/gcc/avr/5.4.0/avr5\libgcc.a(_udivmodsi4.o)
                              UTILS/utils.o (__udivmodsi4)
c:/program files (x86)/atmel/studio/7.0/toolchain/avr8/avr8-gnu-toolchain/bin/../lib/gcc/avr/5.4.0/avr5\libgcc.a(_exit.o)
                              C:/Program Files (x86)/Atmel/Studio/7.0/Packs/atmel/ATmega_DFP/1.6.364/gcc/dev/atmega32/avr5/crtatmega32.o (exit)
c:/program files (x86)/atmel/studio/7.0/toolchain/avr8/avr8-gnu-toolchain/bin/../lib/gcc/avr/5.4.0/avr5\libgcc.a(_copy_data.o)
                              APP/Car/CarControl.o (__do_copy_data)
c:/program files (x86)/atmel/studio/7.0/toolchain/avr8/avr8-gnu-toolchain/bin/../lib/gcc/avr/5.4.0/avr5\libgcc.a(_clear_bss.o)
                              APP/Car/CarControl.o (__do_clear_bss)

Allocating common symbols
Common symbol       size              file

configs             0x3               APP/Car/CarControl.o
Motor_distance      0x4               APP/Car/Motor_MainFunction.o
Sensor_distance     0x4               APP/Car/Sensor_MainFunction.o
LCD_distance        0x4               APP/Car/LCD_MainFunction.o
distance            0x4               APP/Car/CarControl.o

Discarded input sections

 .data          0x00000000        0x0 C:/Program Files (x86)/Atmel/Studio/7.0/Packs/atmel/ATmega_DFP/1.6.364/gcc/dev/atmega32/avr5/crtatmega32.o
 .bss           0x00000000        0x0 C:/Program Files (x86)/Atmel/Studio/7.0/Packs/atmel/ATmega_DFP/1.6.364/gcc/dev/atmega32/avr5/crtatmega32.o
 .text          0x00000000        0x0 APP/Car/CarControl.o
 .data          0x00000000        0x0 APP/Car/CarControl.o
 .bss           0x00000000        0x0 APP/Car/CarControl.o
 .text          0x00000000        0x0 APP/Car/LCD_Int.o
 .data          0x00000000        0x0 APP/Car/LCD_Int.o
 .bss           0x00000000        0x0 APP/Car/LCD_Int.o
 .debug_line    0x00000000        0x0 APP/Car/LCD_Int.o
 .debug_str     0x00000000       0xf7 APP/Car/LCD_Int.o
 .comment       0x00000000       0x31 APP/Car/LCD_Int.o
 .text          0x00000000        0x0 APP/Car/LCD_MainFunction.o
 .data          0x00000000        0x0 APP/Car/LCD_MainFunction.o
 .bss           0x00000000        0x0 APP/Car/LCD_MainFunction.o
 .text          0x00000000        0x0 APP/Car/MotorINT.o
 .data          0x00000000        0x0 APP/Car/MotorINT.o
 .bss           0x00000000        0x0 APP/Car/MotorINT.o
 .debug_line    0x00000000        0x0 APP/Car/MotorINT.o
 .debug_str     0x00000000       0xf8 APP/Car/MotorINT.o
 .comment       0x00000000       0x31 APP/Car/MotorINT.o
 .text          0x00000000        0x0 APP/Car/Motor_MainFunction.o
 .data          0x00000000        0x0 APP/Car/Motor_MainFunction.o
 .bss           0x00000000        0x0 APP/Car/Motor_MainFunction.o
 .text          0x00000000        0x0 APP/Car/Sensor_Int.o
 .data          0x00000000        0x0 APP/Car/Sensor_Int.o
 .bss           0x00000000        0x0 APP/Car/Sensor_Int.o
 .text.SensorGetDistance
                0x00000000       0x1e APP/Car/Sensor_Int.o
 .text          0x00000000        0x0 APP/Car/Sensor_MainFunction.o
 .data          0x00000000        0x0 APP/Car/Sensor_MainFunction.o
 .bss           0x00000000        0x0 APP/Car/Sensor_MainFunction.o
 .text          0x00000000        0x0 ECUAL/LCD/lcd.o
 .data          0x00000000        0x0 ECUAL/LCD/lcd.o
 .bss           0x00000000        0x0 ECUAL/LCD/lcd.o
 .text.LCD_CUSTOM_CHARACTER
                0x00000000      0x242 ECUAL/LCD/lcd.o
 .text          0x00000000        0x0 ECUAL/LCD/lcd_Config.o
 .data          0x00000000        0x0 ECUAL/LCD/lcd_Config.o
 .bss           0x00000000        0x0 ECUAL/LCD/lcd_Config.o
 .text          0x00000000        0x0 ECUAL/Motor/DC Motor.o
 .data          0x00000000        0x0 ECUAL/Motor/DC Motor.o
 .bss           0x00000000        0x0 ECUAL/Motor/DC Motor.o
 .text.DC_MotorStop
                0x00000000       0x46 ECUAL/Motor/DC Motor.o
 .text          0x00000000        0x0 ECUAL/ULTRASONIC/Ultrasonic.o
 .data          0x00000000        0x0 ECUAL/ULTRASONIC/Ultrasonic.o
 .bss           0x00000000        0x0 ECUAL/ULTRASONIC/Ultrasonic.o
 .text          0x00000000        0x0 UTILS/utils.o
 .data          0x00000000        0x0 UTILS/utils.o
 .bss           0x00000000        0x0 UTILS/utils.o
 .text.dummy_delay
                0x00000000       0x48 UTILS/utils.o
 .text.StringCompare
                0x00000000       0x42 UTILS/utils.o
 .text.StringLength
                0x00000000       0x1a UTILS/utils.o
 .text.stof     0x00000000       0xec UTILS/utils.o
 .text          0x00000000        0x0 main.o
 .data          0x00000000        0x0 main.o
 .bss           0x00000000        0x0 main.o
 .text          0x00000000        0x0 MCAL/DIO/dio.o
 .data          0x00000000        0x0 MCAL/DIO/dio.o
 .bss           0x00000000        0x0 MCAL/DIO/dio.o
 .text.DIO_WritePORT
                0x00000000       0x34 MCAL/DIO/dio.o
 .text.DIO_ReadPIN
                0x00000000       0x72 MCAL/DIO/dio.o
 .text.DIO_TogglePIN
                0x00000000       0x74 MCAL/DIO/dio.o
 .text          0x00000000        0x0 MCAL/INTERRUPT/interrupt.o
 .data          0x00000000        0x0 MCAL/INTERRUPT/interrupt.o
 .bss           0x00000000        0x0 MCAL/INTERRUPT/interrupt.o
 .text          0x00000000        0x0 MCAL/PWM/PWM.o
 .data          0x00000000        0x0 MCAL/PWM/PWM.o
 .bss           0x00000000        0x0 MCAL/PWM/PWM.o
 .text.PWM_STOP
                0x00000000       0x16 MCAL/PWM/PWM.o
 .text          0x00000000        0x0 MCAL/TIMER/timer.o
 .data          0x00000000        0x0 MCAL/TIMER/timer.o
 .bss           0x00000000        0x0 MCAL/TIMER/timer.o
 .text.TIM_voidEnableInt
                0x00000000       0x2e MCAL/TIMER/timer.o
 .text.TIM_voidDisableInt
                0x00000000       0x2e MCAL/TIMER/timer.o
 .text.TIM_voidSetRegister
                0x00000000       0x22 MCAL/TIMER/timer.o
 .text.TIM_voidSetCTCRegister
                0x00000000       0x22 MCAL/TIMER/timer.o
 .text.TIM_voidSetCallBack
                0x00000000       0x32 MCAL/TIMER/timer.o
 .text          0x00000000        0x0 c:/program files (x86)/atmel/studio/7.0/toolchain/avr8/avr8-gnu-toolchain/bin/../lib/gcc/avr/5.4.0/../../../../avr/lib/avr5\libm.a(addsf3.o)
 .data          0x00000000        0x0 c:/program files (x86)/atmel/studio/7.0/toolchain/avr8/avr8-gnu-toolchain/bin/../lib/gcc/avr/5.4.0/../../../../avr/lib/avr5\libm.a(addsf3.o)
 .bss           0x00000000        0x0 c:/program files (x86)/atmel/studio/7.0/toolchain/avr8/avr8-gnu-toolchain/bin/../lib/gcc/avr/5.4.0/../../../../avr/lib/avr5\libm.a(addsf3.o)
 .text          0x00000000        0x0 c:/program files (x86)/atmel/studio/7.0/toolchain/avr8/avr8-gnu-toolchain/bin/../lib/gcc/avr/5.4.0/../../../../avr/lib/avr5\libm.a(addsf3x.o)
 .data          0x00000000        0x0 c:/program files (x86)/atmel/studio/7.0/toolchain/avr8/avr8-gnu-toolchain/bin/../lib/gcc/avr/5.4.0/../../../../avr/lib/avr5\libm.a(addsf3x.o)
 .bss           0x00000000        0x0 c:/program files (x86)/atmel/studio/7.0/toolchain/avr8/avr8-gnu-toolchain/bin/../lib/gcc/avr/5.4.0/../../../../avr/lib/avr5\libm.a(addsf3x.o)
 .text          0x00000000        0x0 c:/program files (x86)/atmel/studio/7.0/toolchain/avr8/avr8-gnu-toolchain/bin/../lib/gcc/avr/5.4.0/../../../../avr/lib/avr5\libm.a(cmpsf2.o)
 .data          0x00000000        0x0 c:/program files (x86)/atmel/studio/7.0/toolchain/avr8/avr8-gnu-toolchain/bin/../lib/gcc/avr/5.4.0/../../../../avr/lib/avr5\libm.a(cmpsf2.o)
 .bss           0x00000000        0x0 c:/program files (x86)/atmel/studio/7.0/toolchain/avr8/avr8-gnu-toolchain/bin/../lib/gcc/avr/5.4.0/../../../../avr/lib/avr5\libm.a(cmpsf2.o)
 .text          0x00000000        0x0 c:/program files (x86)/atmel/studio/7.0/toolchain/avr8/avr8-gnu-toolchain/bin/../lib/gcc/avr/5.4.0/../../../../avr/lib/avr5\libm.a(divsf3.o)
 .data          0x00000000        0x0 c:/program files (x86)/atmel/studio/7.0/toolchain/avr8/avr8-gnu-toolchain/bin/../lib/gcc/avr/5.4.0/../../../../avr/lib/avr5\libm.a(divsf3.o)
 .bss           0x00000000        0x0 c:/program files (x86)/atmel/studio/7.0/toolchain/avr8/avr8-gnu-toolchain/bin/../lib/gcc/avr/5.4.0/../../../../avr/lib/avr5\libm.a(divsf3.o)
 .text          0x00000000        0x0 c:/program files (x86)/atmel/studio/7.0/toolchain/avr8/avr8-gnu-toolchain/bin/../lib/gcc/avr/5.4.0/../../../../avr/lib/avr5\libm.a(divsf3x.o)
 .data          0x00000000        0x0 c:/program files (x86)/atmel/studio/7.0/toolchain/avr8/avr8-gnu-toolchain/bin/../lib/gcc/avr/5.4.0/../../../../avr/lib/avr5\libm.a(divsf3x.o)
 .bss           0x00000000        0x0 c:/program files (x86)/atmel/studio/7.0/toolchain/avr8/avr8-gnu-toolchain/bin/../lib/gcc/avr/5.4.0/../../../../avr/lib/avr5\libm.a(divsf3x.o)
 .text          0x00000000        0x0 c:/program files (x86)/atmel/studio/7.0/toolchain/avr8/avr8-gnu-toolchain/bin/../lib/gcc/avr/5.4.0/../../../../avr/lib/avr5\libm.a(fixunssfsi.o)
 .data          0x00000000        0x0 c:/program files (x86)/atmel/studio/7.0/toolchain/avr8/avr8-gnu-toolchain/bin/../lib/gcc/avr/5.4.0/../../../../avr/lib/avr5\libm.a(fixunssfsi.o)
 .bss           0x00000000        0x0 c:/program files (x86)/atmel/studio/7.0/toolchain/avr8/avr8-gnu-toolchain/bin/../lib/gcc/avr/5.4.0/../../../../avr/lib/avr5\libm.a(fixunssfsi.o)
 .text          0x00000000        0x0 c:/program files (x86)/atmel/studio/7.0/toolchain/avr8/avr8-gnu-toolchain/bin/../lib/gcc/avr/5.4.0/../../../../avr/lib/avr5\libm.a(floatsisf.o)
 .data          0x00000000        0x0 c:/program files (x86)/atmel/studio/7.0/toolchain/avr8/avr8-gnu-toolchain/bin/../lib/gcc/avr/5.4.0/../../../../avr/lib/avr5\libm.a(floatsisf.o)
 .bss           0x00000000        0x0 c:/program files (x86)/atmel/studio/7.0/toolchain/avr8/avr8-gnu-toolchain/bin/../lib/gcc/avr/5.4.0/../../../../avr/lib/avr5\libm.a(floatsisf.o)
 .text          0x00000000        0x0 c:/program files (x86)/atmel/studio/7.0/toolchain/avr8/avr8-gnu-toolchain/bin/../lib/gcc/avr/5.4.0/../../../../avr/lib/avr5\libm.a(fp_cmp.o)
 .data          0x00000000        0x0 c:/program files (x86)/atmel/studio/7.0/toolchain/avr8/avr8-gnu-toolchain/bin/../lib/gcc/avr/5.4.0/../../../../avr/lib/avr5\libm.a(fp_cmp.o)
 .bss           0x00000000        0x0 c:/program files (x86)/atmel/studio/7.0/toolchain/avr8/avr8-gnu-toolchain/bin/../lib/gcc/avr/5.4.0/../../../../avr/lib/avr5\libm.a(fp_cmp.o)
 .text          0x00000000        0x0 c:/program files (x86)/atmel/studio/7.0/toolchain/avr8/avr8-gnu-toolchain/bin/../lib/gcc/avr/5.4.0/../../../../avr/lib/avr5\libm.a(fp_inf.o)
 .data          0x00000000        0x0 c:/program files (x86)/atmel/studio/7.0/toolchain/avr8/avr8-gnu-toolchain/bin/../lib/gcc/avr/5.4.0/../../../../avr/lib/avr5\libm.a(fp_inf.o)
 .bss           0x00000000        0x0 c:/program files (x86)/atmel/studio/7.0/toolchain/avr8/avr8-gnu-toolchain/bin/../lib/gcc/avr/5.4.0/../../../../avr/lib/avr5\libm.a(fp_inf.o)
 .text          0x00000000        0x0 c:/program files (x86)/atmel/studio/7.0/toolchain/avr8/avr8-gnu-toolchain/bin/../lib/gcc/avr/5.4.0/../../../../avr/lib/avr5\libm.a(fp_nan.o)
 .data          0x00000000        0x0 c:/program files (x86)/atmel/studio/7.0/toolchain/avr8/avr8-gnu-toolchain/bin/../lib/gcc/avr/5.4.0/../../../../avr/lib/avr5\libm.a(fp_nan.o)
 .bss           0x00000000        0x0 c:/program files (x86)/atmel/studio/7.0/toolchain/avr8/avr8-gnu-toolchain/bin/../lib/gcc/avr/5.4.0/../../../../avr/lib/avr5\libm.a(fp_nan.o)
 .text          0x00000000        0x0 c:/program files (x86)/atmel/studio/7.0/toolchain/avr8/avr8-gnu-toolchain/bin/../lib/gcc/avr/5.4.0/../../../../avr/lib/avr5\libm.a(fp_pscA.o)
 .data          0x00000000        0x0 c:/program files (x86)/atmel/studio/7.0/toolchain/avr8/avr8-gnu-toolchain/bin/../lib/gcc/avr/5.4.0/../../../../avr/lib/avr5\libm.a(fp_pscA.o)
 .bss           0x00000000        0x0 c:/program files (x86)/atmel/studio/7.0/toolchain/avr8/avr8-gnu-toolchain/bin/../lib/gcc/avr/5.4.0/../../../../avr/lib/avr5\libm.a(fp_pscA.o)
 .text          0x00000000        0x0 c:/program files (x86)/atmel/studio/7.0/toolchain/avr8/avr8-gnu-toolchain/bin/../lib/gcc/avr/5.4.0/../../../../avr/lib/avr5\libm.a(fp_pscB.o)
 .data          0x00000000        0x0 c:/program files (x86)/atmel/studio/7.0/toolchain/avr8/avr8-gnu-toolchain/bin/../lib/gcc/avr/5.4.0/../../../../avr/lib/avr5\libm.a(fp_pscB.o)
 .bss           0x00000000        0x0 c:/program files (x86)/atmel/studio/7.0/toolchain/avr8/avr8-gnu-toolchain/bin/../lib/gcc/avr/5.4.0/../../../../avr/lib/avr5\libm.a(fp_pscB.o)
 .text          0x00000000        0x0 c:/program files (x86)/atmel/studio/7.0/toolchain/avr8/avr8-gnu-toolchain/bin/../lib/gcc/avr/5.4.0/../../../../avr/lib/avr5\libm.a(fp_round.o)
 .data          0x00000000        0x0 c:/program files (x86)/atmel/studio/7.0/toolchain/avr8/avr8-gnu-toolchain/bin/../lib/gcc/avr/5.4.0/../../../../avr/lib/avr5\libm.a(fp_round.o)
 .bss           0x00000000        0x0 c:/program files (x86)/atmel/studio/7.0/toolchain/avr8/avr8-gnu-toolchain/bin/../lib/gcc/avr/5.4.0/../../../../avr/lib/avr5\libm.a(fp_round.o)
 .text          0x00000000        0x0 c:/program files (x86)/atmel/studio/7.0/toolchain/avr8/avr8-gnu-toolchain/bin/../lib/gcc/avr/5.4.0/../../../../avr/lib/avr5\libm.a(fp_split3.o)
 .data          0x00000000        0x0 c:/program files (x86)/atmel/studio/7.0/toolchain/avr8/avr8-gnu-toolchain/bin/../lib/gcc/avr/5.4.0/../../../../avr/lib/avr5\libm.a(fp_split3.o)
 .bss           0x00000000        0x0 c:/program files (x86)/atmel/studio/7.0/toolchain/avr8/avr8-gnu-toolchain/bin/../lib/gcc/avr/5.4.0/../../../../avr/lib/avr5\libm.a(fp_split3.o)
 .text          0x00000000        0x0 c:/program files (x86)/atmel/studio/7.0/toolchain/avr8/avr8-gnu-toolchain/bin/../lib/gcc/avr/5.4.0/../../../../avr/lib/avr5\libm.a(fp_zero.o)
 .data          0x00000000        0x0 c:/program files (x86)/atmel/studio/7.0/toolchain/avr8/avr8-gnu-toolchain/bin/../lib/gcc/avr/5.4.0/../../../../avr/lib/avr5\libm.a(fp_zero.o)
 .bss           0x00000000        0x0 c:/program files (x86)/atmel/studio/7.0/toolchain/avr8/avr8-gnu-toolchain/bin/../lib/gcc/avr/5.4.0/../../../../avr/lib/avr5\libm.a(fp_zero.o)
 .text          0x00000000        0x0 c:/program files (x86)/atmel/studio/7.0/toolchain/avr8/avr8-gnu-toolchain/bin/../lib/gcc/avr/5.4.0/../../../../avr/lib/avr5\libm.a(gesf2.o)
 .data          0x00000000        0x0 c:/program files (x86)/atmel/studio/7.0/toolchain/avr8/avr8-gnu-toolchain/bin/../lib/gcc/avr/5.4.0/../../../../avr/lib/avr5\libm.a(gesf2.o)
 .bss           0x00000000        0x0 c:/program files (x86)/atmel/studio/7.0/toolchain/avr8/avr8-gnu-toolchain/bin/../lib/gcc/avr/5.4.0/../../../../avr/lib/avr5\libm.a(gesf2.o)
 .text          0x00000000        0x0 c:/program files (x86)/atmel/studio/7.0/toolchain/avr8/avr8-gnu-toolchain/bin/../lib/gcc/avr/5.4.0/../../../../avr/lib/avr5\libm.a(mulsf3.o)
 .data          0x00000000        0x0 c:/program files (x86)/atmel/studio/7.0/toolchain/avr8/avr8-gnu-toolchain/bin/../lib/gcc/avr/5.4.0/../../../../avr/lib/avr5\libm.a(mulsf3.o)
 .bss           0x00000000        0x0 c:/program files (x86)/atmel/studio/7.0/toolchain/avr8/avr8-gnu-toolchain/bin/../lib/gcc/avr/5.4.0/../../../../avr/lib/avr5\libm.a(mulsf3.o)
 .text          0x00000000        0x0 c:/program files (x86)/atmel/studio/7.0/toolchain/avr8/avr8-gnu-toolchain/bin/../lib/gcc/avr/5.4.0/../../../../avr/lib/avr5\libm.a(mulsf3x.o)
 .data          0x00000000        0x0 c:/program files (x86)/atmel/studio/7.0/toolchain/avr8/avr8-gnu-toolchain/bin/../lib/gcc/avr/5.4.0/../../../../avr/lib/avr5\libm.a(mulsf3x.o)
 .bss           0x00000000        0x0 c:/program files (x86)/atmel/studio/7.0/toolchain/avr8/avr8-gnu-toolchain/bin/../lib/gcc/avr/5.4.0/../../../../avr/lib/avr5\libm.a(mulsf3x.o)
 .text          0x00000000        0x0 c:/program files (x86)/atmel/studio/7.0/toolchain/avr8/avr8-gnu-toolchain/bin/../lib/gcc/avr/5.4.0/../../../../avr/lib/avr5\libm.a(pow.o)
 .data          0x00000000        0x0 c:/program files (x86)/atmel/studio/7.0/toolchain/avr8/avr8-gnu-toolchain/bin/../lib/gcc/avr/5.4.0/../../../../avr/lib/avr5\libm.a(pow.o)
 .bss           0x00000000        0x0 c:/program files (x86)/atmel/studio/7.0/toolchain/avr8/avr8-gnu-toolchain/bin/../lib/gcc/avr/5.4.0/../../../../avr/lib/avr5\libm.a(pow.o)
 .text          0x00000000        0x0 c:/program files (x86)/atmel/studio/7.0/toolchain/avr8/avr8-gnu-toolchain/bin/../lib/gcc/avr/5.4.0/../../../../avr/lib/avr5\libm.a(exp.o)
 .data          0x00000000        0x0 c:/program files (x86)/atmel/studio/7.0/toolchain/avr8/avr8-gnu-toolchain/bin/../lib/gcc/avr/5.4.0/../../../../avr/lib/avr5\libm.a(exp.o)
 .bss           0x00000000        0x0 c:/program files (x86)/atmel/studio/7.0/toolchain/avr8/avr8-gnu-toolchain/bin/../lib/gcc/avr/5.4.0/../../../../avr/lib/avr5\libm.a(exp.o)
 .text          0x00000000        0x0 c:/program files (x86)/atmel/studio/7.0/toolchain/avr8/avr8-gnu-toolchain/bin/../lib/gcc/avr/5.4.0/../../../../avr/lib/avr5\libm.a(fp_powser.o)
 .data          0x00000000        0x0 c:/program files (x86)/atmel/studio/7.0/toolchain/avr8/avr8-gnu-toolchain/bin/../lib/gcc/avr/5.4.0/../../../../avr/lib/avr5\libm.a(fp_powser.o)
 .bss           0x00000000        0x0 c:/program files (x86)/atmel/studio/7.0/toolchain/avr8/avr8-gnu-toolchain/bin/../lib/gcc/avr/5.4.0/../../../../avr/lib/avr5\libm.a(fp_powser.o)
 .text          0x00000000        0x0 c:/program files (x86)/atmel/studio/7.0/toolchain/avr8/avr8-gnu-toolchain/bin/../lib/gcc/avr/5.4.0/../../../../avr/lib/avr5\libm.a(inverse.o)
 .data          0x00000000        0x0 c:/program files (x86)/atmel/studio/7.0/toolchain/avr8/avr8-gnu-toolchain/bin/../lib/gcc/avr/5.4.0/../../../../avr/lib/avr5\libm.a(inverse.o)
 .bss           0x00000000        0x0 c:/program files (x86)/atmel/studio/7.0/toolchain/avr8/avr8-gnu-toolchain/bin/../lib/gcc/avr/5.4.0/../../../../avr/lib/avr5\libm.a(inverse.o)
 .text          0x00000000        0x0 c:/program files (x86)/atmel/studio/7.0/toolchain/avr8/avr8-gnu-toolchain/bin/../lib/gcc/avr/5.4.0/../../../../avr/lib/avr5\libm.a(ldexp.o)
 .data          0x00000000        0x0 c:/program files (x86)/atmel/studio/7.0/toolchain/avr8/avr8-gnu-toolchain/bin/../lib/gcc/avr/5.4.0/../../../../avr/lib/avr5\libm.a(ldexp.o)
 .bss           0x00000000        0x0 c:/program files (x86)/atmel/studio/7.0/toolchain/avr8/avr8-gnu-toolchain/bin/../lib/gcc/avr/5.4.0/../../../../avr/lib/avr5\libm.a(ldexp.o)
 .text          0x00000000        0x0 c:/program files (x86)/atmel/studio/7.0/toolchain/avr8/avr8-gnu-toolchain/bin/../lib/gcc/avr/5.4.0/../../../../avr/lib/avr5\libm.a(log.o)
 .data          0x00000000        0x0 c:/program files (x86)/atmel/studio/7.0/toolchain/avr8/avr8-gnu-toolchain/bin/../lib/gcc/avr/5.4.0/../../../../avr/lib/avr5\libm.a(log.o)
 .bss           0x00000000        0x0 c:/program files (x86)/atmel/studio/7.0/toolchain/avr8/avr8-gnu-toolchain/bin/../lib/gcc/avr/5.4.0/../../../../avr/lib/avr5\libm.a(log.o)
 .text          0x00000000        0x0 c:/program files (x86)/atmel/studio/7.0/toolchain/avr8/avr8-gnu-toolchain/bin/../lib/gcc/avr/5.4.0/../../../../avr/lib/avr5\libm.a(modf.o)
 .data          0x00000000        0x0 c:/program files (x86)/atmel/studio/7.0/toolchain/avr8/avr8-gnu-toolchain/bin/../lib/gcc/avr/5.4.0/../../../../avr/lib/avr5\libm.a(modf.o)
 .bss           0x00000000        0x0 c:/program files (x86)/atmel/studio/7.0/toolchain/avr8/avr8-gnu-toolchain/bin/../lib/gcc/avr/5.4.0/../../../../avr/lib/avr5\libm.a(modf.o)
 .text          0x00000000        0x0 c:/program files (x86)/atmel/studio/7.0/toolchain/avr8/avr8-gnu-toolchain/bin/../lib/gcc/avr/5.4.0/../../../../avr/lib/avr5\libm.a(fp_mpack.o)
 .data          0x00000000        0x0 c:/program files (x86)/atmel/studio/7.0/toolchain/avr8/avr8-gnu-toolchain/bin/../lib/gcc/avr/5.4.0/../../../../avr/lib/avr5\libm.a(fp_mpack.o)
 .bss           0x00000000        0x0 c:/program files (x86)/atmel/studio/7.0/toolchain/avr8/avr8-gnu-toolchain/bin/../lib/gcc/avr/5.4.0/../../../../avr/lib/avr5\libm.a(fp_mpack.o)
 .text          0x00000000        0x0 c:/program files (x86)/atmel/studio/7.0/toolchain/avr8/avr8-gnu-toolchain/bin/../lib/gcc/avr/5.4.0/avr5\libgcc.a(_udivmodsi4.o)
 .data          0x00000000        0x0 c:/program files (x86)/atmel/studio/7.0/toolchain/avr8/avr8-gnu-toolchain/bin/../lib/gcc/avr/5.4.0/avr5\libgcc.a(_udivmodsi4.o)
 .bss           0x00000000        0x0 c:/program files (x86)/atmel/studio/7.0/toolchain/avr8/avr8-gnu-toolchain/bin/../lib/gcc/avr/5.4.0/avr5\libgcc.a(_udivmodsi4.o)
 .text.libgcc.mul
                0x00000000        0x0 c:/program files (x86)/atmel/studio/7.0/toolchain/avr8/avr8-gnu-toolchain/bin/../lib/gcc/avr/5.4.0/avr5\libgcc.a(_udivmodsi4.o)
 .text.libgcc   0x00000000        0x0 c:/program files (x86)/atmel/studio/7.0/toolchain/avr8/avr8-gnu-toolchain/bin/../lib/gcc/avr/5.4.0/avr5\libgcc.a(_udivmodsi4.o)
 .text.libgcc.prologue
                0x00000000        0x0 c:/program files (x86)/atmel/studio/7.0/toolchain/avr8/avr8-gnu-toolchain/bin/../lib/gcc/avr/5.4.0/avr5\libgcc.a(_udivmodsi4.o)
 .text.libgcc.builtins
                0x00000000        0x0 c:/program files (x86)/atmel/studio/7.0/toolchain/avr8/avr8-gnu-toolchain/bin/../lib/gcc/avr/5.4.0/avr5\libgcc.a(_udivmodsi4.o)
 .text.libgcc.fmul
                0x00000000        0x0 c:/program files (x86)/atmel/studio/7.0/toolchain/avr8/avr8-gnu-toolchain/bin/../lib/gcc/avr/5.4.0/avr5\libgcc.a(_udivmodsi4.o)
 .text.libgcc.fixed
                0x00000000        0x0 c:/program files (x86)/atmel/studio/7.0/toolchain/avr8/avr8-gnu-toolchain/bin/../lib/gcc/avr/5.4.0/avr5\libgcc.a(_udivmodsi4.o)
 .text          0x00000000        0x0 c:/program files (x86)/atmel/studio/7.0/toolchain/avr8/avr8-gnu-toolchain/bin/../lib/gcc/avr/5.4.0/avr5\libgcc.a(_exit.o)
 .data          0x00000000        0x0 c:/program files (x86)/atmel/studio/7.0/toolchain/avr8/avr8-gnu-toolchain/bin/../lib/gcc/avr/5.4.0/avr5\libgcc.a(_exit.o)
 .bss           0x00000000        0x0 c:/program files (x86)/atmel/studio/7.0/toolchain/avr8/avr8-gnu-toolchain/bin/../lib/gcc/avr/5.4.0/avr5\libgcc.a(_exit.o)
 .text.libgcc.mul
                0x00000000        0x0 c:/program files (x86)/atmel/studio/7.0/toolchain/avr8/avr8-gnu-toolchain/bin/../lib/gcc/avr/5.4.0/avr5\libgcc.a(_exit.o)
 .text.libgcc.div
                0x00000000        0x0 c:/program files (x86)/atmel/studio/7.0/toolchain/avr8/avr8-gnu-toolchain/bin/../lib/gcc/avr/5.4.0/avr5\libgcc.a(_exit.o)
 .text.libgcc   0x00000000        0x0 c:/program files (x86)/atmel/studio/7.0/toolchain/avr8/avr8-gnu-toolchain/bin/../lib/gcc/avr/5.4.0/avr5\libgcc.a(_exit.o)
 .text.libgcc.prologue
                0x00000000        0x0 c:/program files (x86)/atmel/studio/7.0/toolchain/avr8/avr8-gnu-toolchain/bin/../lib/gcc/avr/5.4.0/avr5\libgcc.a(_exit.o)
 .text.libgcc.builtins
                0x00000000        0x0 c:/program files (x86)/atmel/studio/7.0/toolchain/avr8/avr8-gnu-toolchain/bin/../lib/gcc/avr/5.4.0/avr5\libgcc.a(_exit.o)
 .text.libgcc.fmul
                0x00000000        0x0 c:/program files (x86)/atmel/studio/7.0/toolchain/avr8/avr8-gnu-toolchain/bin/../lib/gcc/avr/5.4.0/avr5\libgcc.a(_exit.o)
 .text.libgcc.fixed
                0x00000000        0x0 c:/program files (x86)/atmel/studio/7.0/toolchain/avr8/avr8-gnu-toolchain/bin/../lib/gcc/avr/5.4.0/avr5\libgcc.a(_exit.o)
 .text          0x00000000        0x0 c:/program files (x86)/atmel/studio/7.0/toolchain/avr8/avr8-gnu-toolchain/bin/../lib/gcc/avr/5.4.0/avr5\libgcc.a(_copy_data.o)
 .data          0x00000000        0x0 c:/program files (x86)/atmel/studio/7.0/toolchain/avr8/avr8-gnu-toolchain/bin/../lib/gcc/avr/5.4.0/avr5\libgcc.a(_copy_data.o)
 .bss           0x00000000        0x0 c:/program files (x86)/atmel/studio/7.0/toolchain/avr8/avr8-gnu-toolchain/bin/../lib/gcc/avr/5.4.0/avr5\libgcc.a(_copy_data.o)
 .text.libgcc.mul
                0x00000000        0x0 c:/program files (x86)/atmel/studio/7.0/toolchain/avr8/avr8-gnu-toolchain/bin/../lib/gcc/avr/5.4.0/avr5\libgcc.a(_copy_data.o)
 .text.libgcc.div
                0x00000000        0x0 c:/program files (x86)/atmel/studio/7.0/toolchain/avr8/avr8-gnu-toolchain/bin/../lib/gcc/avr/5.4.0/avr5\libgcc.a(_copy_data.o)
 .text.libgcc   0x00000000        0x0 c:/program files (x86)/atmel/studio/7.0/toolchain/avr8/avr8-gnu-toolchain/bin/../lib/gcc/avr/5.4.0/avr5\libgcc.a(_copy_data.o)
 .text.libgcc.prologue
                0x00000000        0x0 c:/program files (x86)/atmel/studio/7.0/toolchain/avr8/avr8-gnu-toolchain/bin/../lib/gcc/avr/5.4.0/avr5\libgcc.a(_copy_data.o)
 .text.libgcc.builtins
                0x00000000        0x0 c:/program files (x86)/atmel/studio/7.0/toolchain/avr8/avr8-gnu-toolchain/bin/../lib/gcc/avr/5.4.0/avr5\libgcc.a(_copy_data.o)
 .text.libgcc.fmul
                0x00000000        0x0 c:/program files (x86)/atmel/studio/7.0/toolchain/avr8/avr8-gnu-toolchain/bin/../lib/gcc/avr/5.4.0/avr5\libgcc.a(_copy_data.o)
 .text.libgcc.fixed
                0x00000000        0x0 c:/program files (x86)/atmel/studio/7.0/toolchain/avr8/avr8-gnu-toolchain/bin/../lib/gcc/avr/5.4.0/avr5\libgcc.a(_copy_data.o)
 .text          0x00000000        0x0 c:/program files (x86)/atmel/studio/7.0/toolchain/avr8/avr8-gnu-toolchain/bin/../lib/gcc/avr/5.4.0/avr5\libgcc.a(_clear_bss.o)
 .data          0x00000000        0x0 c:/program files (x86)/atmel/studio/7.0/toolchain/avr8/avr8-gnu-toolchain/bin/../lib/gcc/avr/5.4.0/avr5\libgcc.a(_clear_bss.o)
 .bss           0x00000000        0x0 c:/program files (x86)/atmel/studio/7.0/toolchain/avr8/avr8-gnu-toolchain/bin/../lib/gcc/avr/5.4.0/avr5\libgcc.a(_clear_bss.o)
 .text.libgcc.mul
                0x00000000        0x0 c:/program files (x86)/atmel/studio/7.0/toolchain/avr8/avr8-gnu-toolchain/bin/../lib/gcc/avr/5.4.0/avr5\libgcc.a(_clear_bss.o)
 .text.libgcc.div
                0x00000000        0x0 c:/program files (x86)/atmel/studio/7.0/toolchain/avr8/avr8-gnu-toolchain/bin/../lib/gcc/avr/5.4.0/avr5\libgcc.a(_clear_bss.o)
 .text.libgcc   0x00000000        0x0 c:/program files (x86)/atmel/studio/7.0/toolchain/avr8/avr8-gnu-toolchain/bin/../lib/gcc/avr/5.4.0/avr5\libgcc.a(_clear_bss.o)
 .text.libgcc.prologue
                0x00000000        0x0 c:/program files (x86)/atmel/studio/7.0/toolchain/avr8/avr8-gnu-toolchain/bin/../lib/gcc/avr/5.4.0/avr5\libgcc.a(_clear_bss.o)
 .text.libgcc.builtins
                0x00000000        0x0 c:/program files (x86)/atmel/studio/7.0/toolchain/avr8/avr8-gnu-toolchain/bin/../lib/gcc/avr/5.4.0/avr5\libgcc.a(_clear_bss.o)
 .text.libgcc.fmul
                0x00000000        0x0 c:/program files (x86)/atmel/studio/7.0/toolchain/avr8/avr8-gnu-toolchain/bin/../lib/gcc/avr/5.4.0/avr5\libgcc.a(_clear_bss.o)
 .text.libgcc.fixed
                0x00000000        0x0 c:/program files (x86)/atmel/studio/7.0/toolchain/avr8/avr8-gnu-toolchain/bin/../lib/gcc/avr/5.4.0/avr5\libgcc.a(_clear_bss.o)

Memory Configuration

Name             Origin             Length             Attributes
text             0x00000000         0x00008000         xr
data             0x00800060         0x00000800         rw !x
eeprom           0x00810000         0x00000400         rw !x
fuse             0x00820000         0x00000002         rw !x
lock             0x00830000         0x00000400         rw !x
signature        0x00840000         0x00000400         rw !x
user_signatures  0x00850000         0x00000400         rw !x
*default*        0x00000000         0xffffffff

Linker script and memory map

LOAD C:/Program Files (x86)/Atmel/Studio/7.0/Packs/atmel/ATmega_DFP/1.6.364/gcc/dev/atmega32/avr5/crtatmega32.o
LOAD APP/Car/CarControl.o
LOAD APP/Car/LCD_Int.o
LOAD APP/Car/LCD_MainFunction.o
LOAD APP/Car/MotorINT.o
LOAD APP/Car/Motor_MainFunction.o
LOAD APP/Car/Sensor_Int.o
LOAD APP/Car/Sensor_MainFunction.o
LOAD ECUAL/LCD/lcd.o
LOAD ECUAL/LCD/lcd_Config.o
LOAD ECUAL/Motor/DC Motor.o
LOAD ECUAL/ULTRASONIC/Ultrasonic.o
LOAD UTILS/utils.o
LOAD main.o
LOAD MCAL/DIO/dio.o
LOAD MCAL/INTERRUPT/interrupt.o
LOAD MCAL/PWM/PWM.o
LOAD MCAL/TIMER/timer.o
START GROUP
LOAD c:/program files (x86)/atmel/studio/7.0/toolchain/avr8/avr8-gnu-toolchain/bin/../lib/gcc/avr/5.4.0/../../../../avr/lib/avr5\libm.a
END GROUP
START GROUP
LOAD c:/program files (x86)/atmel/studio/7.0/toolchain/avr8/avr8-gnu-toolchain/bin/../lib/gcc/avr/5.4.0/avr5\libgcc.a
LOAD c:/program files (x86)/atmel/studio/7.0/toolchain/avr8/avr8-gnu-toolchain/bin/../lib/gcc/avr/5.4.0/../../../../avr/lib/avr5\libm.a
LOAD c:/program files (x86)/atmel/studio/7.0/toolchain/avr8/avr8-gnu-toolchain/bin/../lib/gcc/avr/5.4.0/../../../../avr/lib/avr5\libc.a
LOAD C:/Program Files (x86)/Atmel/Studio/7.0/Packs/atmel/ATmega_DFP/1.6.364/gcc/dev/atmega32/avr5\libatmega32.a
END GROUP
                0x00000000                __TEXT_REGION_ORIGIN__ = DEFINED (__TEXT_REGION_ORIGIN__)?__TEXT_REGION_ORIGIN__:0x0
                [0x00800060]                __DATA_REGION_ORIGIN__ = DEFINED (__DATA_REGION_ORIGIN__)?__DATA_REGION_ORIGIN__:0x800060
                [0x00008000]                __TEXT_REGION_LENGTH__ = DEFINED (__TEXT_REGION_LENGTH__)?__TEXT_REGION_LENGTH__:0x20000
                [0x00000800]                __DATA_REGION_LENGTH__ = DEFINED (__DATA_REGION_LENGTH__)?__DATA_REGION_LENGTH__:0xffa0
                [0x00000400]                __EEPROM_REGION_LENGTH__ = DEFINED (__EEPROM_REGION_LENGTH__)?__EEPROM_REGION_LENGTH__:0x10000
                [0x00000002]                __FUSE_REGION_LENGTH__ = DEFINED (__FUSE_REGION_LENGTH__)?__FUSE_REGION_LENGTH__:0x400
                0x00000400                __LOCK_REGION_LENGTH__ = DEFINED (__LOCK_REGION_LENGTH__)?__LOCK_REGION_LENGTH__:0x400
                0x00000400                __SIGNATURE_REGION_LENGTH__ = DEFINED (__SIGNATURE_REGION_LENGTH__)?__SIGNATURE_REGION_LENGTH__:0x400
                0x00000400                __USER_SIGNATURE_REGION_LENGTH__ = DEFINED (__USER_SIGNATURE_REGION_LENGTH__)?__USER_SIGNATURE_REGION_LENGTH__:0x400

.hash
 *(.hash)

.dynsym
 *(.dynsym)

.dynstr
 *(.dynstr)

.gnu.version
 *(.gnu.version)

.gnu.version_d
 *(.gnu.version_d)

.gnu.version_r
 *(.gnu.version_r)

.rel.init
 *(.rel.init)

.rela.init
 *(.rela.init)

.rel.text
 *(.rel.text)
 *(.rel.text.*)
 *(.rel.gnu.linkonce.t*)

.rela.text
 *(.rela.text)
 *(.rela.text.*)
 *(.rela.gnu.linkonce.t*)

.rel.fini
 *(.rel.fini)

.rela.fini
 *(.rela.fini)

.rel.rodata
 *(.rel.rodata)
 *(.rel.rodata.*)
 *(.rel.gnu.linkonce.r*)

.rela.rodata
 *(.rela.rodata)
 *(.rela.rodata.*)
 *(.rela.gnu.linkonce.r*)

.rel.data
 *(.rel.data)
 *(.rel.data.*)
 *(.rel.gnu.linkonce.d*)

.rela.data
 *(.rela.data)
 *(.rela.data.*)
 *(.rela.gnu.linkonce.d*)

.rel.ctors
 *(.rel.ctors)

.rela.ctors
 *(.rela.ctors)

.rel.dtors
 *(.rel.dtors)

.rela.dtors
 *(.rela.dtors)

.rel.got
 *(.rel.got)

.rela.got
 *(.rela.got)

.rel.bss
 *(.rel.bss)

.rela.bss
 *(.rela.bss)

.rel.plt
 *(.rel.plt)

.rela.plt
 *(.rela.plt)

.text           0x00000000     0x1818
 *(.vectors)
 .vectors       0x00000000       0x54 C:/Program Files (x86)/Atmel/Studio/7.0/Packs/atmel/ATmega_DFP/1.6.364/gcc/dev/atmega32/avr5/crtatmega32.o
                0x00000000                __vector_default
                0x00000000                __vectors
 *(.vectors)
 *(.progmem.gcc*)
 .progmem.gcc_fplib
                0x00000054       0x28 c:/program files (x86)/atmel/studio/7.0/toolchain/avr8/avr8-gnu-toolchain/bin/../lib/gcc/avr/5.4.0/../../../../avr/lib/avr5\libm.a(exp.o)
 .progmem.gcc_fplib
                0x0000007c       0x5a c:/program files (x86)/atmel/studio/7.0/toolchain/avr8/avr8-gnu-toolchain/bin/../lib/gcc/avr/5.4.0/../../../../avr/lib/avr5\libm.a(log.o)
                0x000000d6                . = ALIGN (0x2)
                0x000000d6                __trampolines_start = .
 *(.trampolines)
 .trampolines   0x000000d6        0x0 linker stubs
 *(.trampolines*)
                0x000000d6                __trampolines_end = .
 *libprintf_flt.a:*(.progmem.data)
 *libc.a:*(.progmem.data)
 *(.progmem*)
                0x000000d6                . = ALIGN (0x2)
 *(.jumptables)
 *(.jumptables*)
 *(.lowtext)
 *(.lowtext*)
                0x000000d6                __ctors_start = .
 *(.ctors)
                0x000000d6                __ctors_end = .
                0x000000d6                __dtors_start = .
 *(.dtors)
                0x000000d6                __dtors_end = .
 SORT(*)(.ctors)
 SORT(*)(.dtors)
 *(.init0)
 .init0         0x000000d6        0x0 C:/Program Files (x86)/Atmel/Studio/7.0/Packs/atmel/ATmega_DFP/1.6.364/gcc/dev/atmega32/avr5/crtatmega32.o
                0x000000d6                __init
 *(.init0)
 *(.init1)
 *(.init1)
 *(.init2)
 .init2         0x000000d6        0xc C:/Program Files (x86)/Atmel/Studio/7.0/Packs/atmel/ATmega_DFP/1.6.364/gcc/dev/atmega32/avr5/crtatmega32.o
 *(.init2)
 *(.init3)
 *(.init3)
 *(.init4)
 .init4         0x000000e2       0x16 c:/program files (x86)/atmel/studio/7.0/toolchain/avr8/avr8-gnu-toolchain/bin/../lib/gcc/avr/5.4.0/avr5\libgcc.a(_copy_data.o)
                0x000000e2                __do_copy_data
 .init4         0x000000f8       0x10 c:/program files (x86)/atmel/studio/7.0/toolchain/avr8/avr8-gnu-toolchain/bin/../lib/gcc/avr/5.4.0/avr5\libgcc.a(_clear_bss.o)
                0x000000f8                __do_clear_bss
 *(.init4)
 *(.init5)
 *(.init5)
 *(.init6)
 *(.init6)
 *(.init7)
 *(.init7)
 *(.init8)
 *(.init8)
 *(.init9)
 .init9         0x00000108        0x8 C:/Program Files (x86)/Atmel/Studio/7.0/Packs/atmel/ATmega_DFP/1.6.364/gcc/dev/atmega32/avr5/crtatmega32.o
 *(.init9)
 *(.text)
 .text          0x00000110        0x4 C:/Program Files (x86)/Atmel/Studio/7.0/Packs/atmel/ATmega_DFP/1.6.364/gcc/dev/atmega32/avr5/crtatmega32.o
                0x00000110                __vector_1
                0x00000110                __vector_12
                0x00000110                __bad_interrupt
                0x00000110                __vector_6
                0x00000110                __vector_13
                0x00000110                __vector_17
                0x00000110                __vector_19
                0x00000110                __vector_2
                0x00000110                __vector_15
                0x00000110                __vector_8
                0x00000110                __vector_14
                0x00000110                __vector_16
                0x00000110                __vector_18
                0x00000110                __vector_20
                0x00000114                . = ALIGN (0x2)
 *(.text.*)
 .text.APP_INIT
                0x00000114       0x38 APP/Car/CarControl.o
                0x00000114                APP_INIT
 .text.APP_UPDATE
                0x0000014c        0xe APP/Car/CarControl.o
                0x0000014c                APP_UPDATE
 .text.LCD_MainFunction
                0x0000015a       0x36 APP/Car/LCD_MainFunction.o
                0x0000015a                LCD_MainFunction
 .text.Motor_MainFunction
                0x00000190       0xcc APP/Car/Motor_MainFunction.o
                0x00000190                Motor_MainFunction
 .text.SensorSetdistance
                0x0000025c       0x4a APP/Car/Sensor_Int.o
                0x0000025c                SensorSetdistance
 .text.Sensor_MainFunction
                0x000002a6       0x1e APP/Car/Sensor_MainFunction.o
                0x000002a6                Sensor_MainFunction
 .text.WRITE_ZERO
                0x000002c4       0x1e ECUAL/LCD/lcd.o
                0x000002c4                WRITE_ZERO
 .text.WRITE_ONE
                0x000002e2       0x1e ECUAL/LCD/lcd.o
                0x000002e2                WRITE_ONE
 .text.LCD_KICK
                0x00000300       0x14 ECUAL/LCD/lcd.o
                0x00000300                LCD_KICK
 .text.LCD_WRITE_COMMAND
                0x00000314       0xa6 ECUAL/LCD/lcd.o
                0x00000314                LCD_WRITE_COMMAND
 .text.LCD_clear_screen
                0x000003ba        0xa ECUAL/LCD/lcd.o
                0x000003ba                LCD_clear_screen
 .text.LCD_GOTO_XY
                0x000003c4       0x2c ECUAL/LCD/lcd.o
                0x000003c4                LCD_GOTO_XY
 .text.LCD_INIT
                0x000003f0       0x84 ECUAL/LCD/lcd.o
                0x000003f0                LCD_INIT
 .text.LCD_WRITE_CHAR
                0x00000474       0xa6 ECUAL/LCD/lcd.o
                0x00000474                LCD_WRITE_CHAR
 .text.LCD_WRITE_STRING
                0x0000051a       0x5a ECUAL/LCD/lcd.o
                0x0000051a                LCD_WRITE_STRING
 .text.LCD_WRITE_NUMBER
                0x00000574       0x9a ECUAL/LCD/lcd.o
                0x00000574                LCD_WRITE_NUMBER
 .text.DC_MotorInit
                0x0000060e       0x74 ECUAL/Motor/DC Motor.o
                0x0000060e                DC_MotorInit
 .text.DC_MotorStart
                0x00000682       0xb0 ECUAL/Motor/DC Motor.o
                0x00000682                DC_MotorStart
 .text.ULTRASONIC_INIT
                0x00000732       0x38 ECUAL/ULTRASONIC/Ultrasonic.o
                0x00000732                ULTRASONIC_INIT
 .text.ULTRASONIC_GetDist
                0x0000076a       0x5a ECUAL/ULTRASONIC/Ultrasonic.o
                0x0000076a                ULTRASONIC_GetDist
 .text.__vector_3
                0x000007c4       0x7e ECUAL/ULTRASONIC/Ultrasonic.o
                0x000007c4                __vector_3
 .text.reverse  0x00000842       0x26 UTILS/utils.o
                0x00000842                reverse
 .text.intToStr
                0x00000868       0xbc UTILS/utils.o
                0x00000868                intToStr
 .text.ftos     0x00000924       0xc4 UTILS/utils.o
                0x00000924                ftos
 .text.main     0x000009e8        0xa main.o
                0x000009e8                main
 .text.DIO_Init
                0x000009f2      0x132 MCAL/DIO/dio.o
                0x000009f2                DIO_Init
 .text.DIO_WritePIN
                0x00000b24      0x102 MCAL/DIO/dio.o
                0x00000b24                DIO_WritePIN
 .text.external_interrupt_init
                0x00000c26       0x9e MCAL/INTERRUPT/interrupt.o
                0x00000c26                external_interrupt_init
 .text.PWM_InitPins
                0x00000cc4       0x40 MCAL/PWM/PWM.o
                0x00000cc4                PWM_InitPins
 .text.PWM_START
                0x00000d04       0xb2 MCAL/PWM/PWM.o
                0x00000d04                PWM_START
 .text.TIM_voidInitialize
                0x00000db6       0x8a MCAL/TIMER/timer.o
                0x00000db6                TIM_voidInitialize
 .text.TIM_uint8_tDeInit
                0x00000e40       0x44 MCAL/TIMER/timer.o
                0x00000e40                TIM_uint8_tDeInit
 .text.__vector_11
                0x00000e84       0x4e MCAL/TIMER/timer.o
                0x00000e84                __vector_11
 .text.__vector_10
                0x00000ed2       0x4e MCAL/TIMER/timer.o
                0x00000ed2                __vector_10
 .text.__vector_9
                0x00000f20       0x4e MCAL/TIMER/timer.o
                0x00000f20                __vector_9
 .text.__vector_7
                0x00000f6e       0x4e MCAL/TIMER/timer.o
                0x00000f6e                __vector_7
 .text.__vector_5
                0x00000fbc       0x4e MCAL/TIMER/timer.o
                0x00000fbc                __vector_5
 .text.__vector_4
                0x0000100a       0x4e MCAL/TIMER/timer.o
                0x0000100a                __vector_4
 .text.avr-libc.fplib
                0x00001058        0xe c:/program files (x86)/atmel/studio/7.0/toolchain/avr8/avr8-gnu-toolchain/bin/../lib/gcc/avr/5.4.0/../../../../avr/lib/avr5\libm.a(addsf3.o)
                0x00001058                __subsf3
                0x0000105a                __addsf3
 .text.avr-libc.fplib
                0x00001066       0xcc c:/program files (x86)/atmel/studio/7.0/toolchain/avr8/avr8-gnu-toolchain/bin/../lib/gcc/avr/5.4.0/../../../../avr/lib/avr5\libm.a(addsf3x.o)
                0x00001088                __addsf3x
 .text.avr-libc.fplib
                0x00001132        0xa c:/program files (x86)/atmel/studio/7.0/toolchain/avr8/avr8-gnu-toolchain/bin/../lib/gcc/avr/5.4.0/../../../../avr/lib/avr5\libm.a(cmpsf2.o)
                0x00001132                __nesf2
                0x00001132                __eqsf2
                0x00001132                __cmpsf2
                0x00001132                __ltsf2
                0x00001132                __lesf2
 .text.avr-libc.fplib
                0x0000113c        0x8 c:/program files (x86)/atmel/studio/7.0/toolchain/avr8/avr8-gnu-toolchain/bin/../lib/gcc/avr/5.4.0/../../../../avr/lib/avr5\libm.a(divsf3.o)
                0x0000113c                __divsf3
 .text.avr-libc.fplib
                0x00001144       0xdc c:/program files (x86)/atmel/studio/7.0/toolchain/avr8/avr8-gnu-toolchain/bin/../lib/gcc/avr/5.4.0/../../../../avr/lib/avr5\libm.a(divsf3x.o)
                0x00001164                __divsf3x
                0x0000116a                __divsf3_pse
 .text.avr-libc.fplib
                0x00001220       0x5e c:/program files (x86)/atmel/studio/7.0/toolchain/avr8/avr8-gnu-toolchain/bin/../lib/gcc/avr/5.4.0/../../../../avr/lib/avr5\libm.a(fixunssfsi.o)
                0x00001220                __fixunssfsi
 .text.avr-libc.fplib
                0x0000127e       0x7a c:/program files (x86)/atmel/studio/7.0/toolchain/avr8/avr8-gnu-toolchain/bin/../lib/gcc/avr/5.4.0/../../../../avr/lib/avr5\libm.a(floatsisf.o)
                0x0000127e                __floatunsisf
                0x00001282                __floatsisf
 .text.avr-libc.fplib
                0x000012f8       0x48 c:/program files (x86)/atmel/studio/7.0/toolchain/avr8/avr8-gnu-toolchain/bin/../lib/gcc/avr/5.4.0/../../../../avr/lib/avr5\libm.a(fp_cmp.o)
                0x000012f8                __fp_cmp
 .text.avr-libc.fplib
                0x00001340        0xc c:/program files (x86)/atmel/studio/7.0/toolchain/avr8/avr8-gnu-toolchain/bin/../lib/gcc/avr/5.4.0/../../../../avr/lib/avr5\libm.a(fp_inf.o)
                0x00001340                __fp_inf
 .text.avr-libc.fplib
                0x0000134c        0x6 c:/program files (x86)/atmel/studio/7.0/toolchain/avr8/avr8-gnu-toolchain/bin/../lib/gcc/avr/5.4.0/../../../../avr/lib/avr5\libm.a(fp_nan.o)
                0x0000134c                __fp_nan
 .text.avr-libc.fplib
                0x00001352        0xe c:/program files (x86)/atmel/studio/7.0/toolchain/avr8/avr8-gnu-toolchain/bin/../lib/gcc/avr/5.4.0/../../../../avr/lib/avr5\libm.a(fp_pscA.o)
                0x00001352                __fp_pscA
 .text.avr-libc.fplib
                0x00001360        0xe c:/program files (x86)/atmel/studio/7.0/toolchain/avr8/avr8-gnu-toolchain/bin/../lib/gcc/avr/5.4.0/../../../../avr/lib/avr5\libm.a(fp_pscB.o)
                0x00001360                __fp_pscB
 .text.avr-libc.fplib
                0x0000136e       0x22 c:/program files (x86)/atmel/studio/7.0/toolchain/avr8/avr8-gnu-toolchain/bin/../lib/gcc/avr/5.4.0/../../../../avr/lib/avr5\libm.a(fp_round.o)
                0x0000136e                __fp_round
 .text.avr-libc.fplib
                0x00001390       0x44 c:/program files (x86)/atmel/studio/7.0/toolchain/avr8/avr8-gnu-toolchain/bin/../lib/gcc/avr/5.4.0/../../../../avr/lib/avr5\libm.a(fp_split3.o)
                0x00001390                __fp_split3
                0x000013a0                __fp_splitA
 .text.avr-libc.fplib
                0x000013d4        0xe c:/program files (x86)/atmel/studio/7.0/toolchain/avr8/avr8-gnu-toolchain/bin/../lib/gcc/avr/5.4.0/../../../../avr/lib/avr5\libm.a(fp_zero.o)
                0x000013d4                __fp_zero
                0x000013d6                __fp_szero
 .text.avr-libc.fplib
                0x000013e2        0xa c:/program files (x86)/atmel/studio/7.0/toolchain/avr8/avr8-gnu-toolchain/bin/../lib/gcc/avr/5.4.0/../../../../avr/lib/avr5\libm.a(gesf2.o)
                0x000013e2                __gesf2
                0x000013e2                __gtsf2
 .text.avr-libc.fplib
                0x000013ec        0x8 c:/program files (x86)/atmel/studio/7.0/toolchain/avr8/avr8-gnu-toolchain/bin/../lib/gcc/avr/5.4.0/../../../../avr/lib/avr5\libm.a(mulsf3.o)
                0x000013ec                __mulsf3
 .text.avr-libc.fplib
                0x000013f4       0xd2 c:/program files (x86)/atmel/studio/7.0/toolchain/avr8/avr8-gnu-toolchain/bin/../lib/gcc/avr/5.4.0/../../../../avr/lib/avr5\libm.a(mulsf3x.o)
                0x00001412                __mulsf3x
                0x00001418                __mulsf3_pse
 .text.avr-libc.fplib
                0x000014c6       0xa0 c:/program files (x86)/atmel/studio/7.0/toolchain/avr8/avr8-gnu-toolchain/bin/../lib/gcc/avr/5.4.0/../../../../avr/lib/avr5\libm.a(pow.o)
                0x000014c6                pow
 .text.avr-libc.fplib
                0x00001566       0x74 c:/program files (x86)/atmel/studio/7.0/toolchain/avr8/avr8-gnu-toolchain/bin/../lib/gcc/avr/5.4.0/../../../../avr/lib/avr5\libm.a(exp.o)
                0x00001576                exp
 .text.avr-libc.fplib
                0x000015da       0x4e c:/program files (x86)/atmel/studio/7.0/toolchain/avr8/avr8-gnu-toolchain/bin/../lib/gcc/avr/5.4.0/../../../../avr/lib/avr5\libm.a(fp_powser.o)
                0x000015da                __fp_powser
 .text.avr-libc.fplib
                0x00001628       0x10 c:/program files (x86)/atmel/studio/7.0/toolchain/avr8/avr8-gnu-toolchain/bin/../lib/gcc/avr/5.4.0/../../../../avr/lib/avr5\libm.a(inverse.o)
                0x00001628                inverse
 .text.avr-libc.fplib
                0x00001638       0x74 c:/program files (x86)/atmel/studio/7.0/toolchain/avr8/avr8-gnu-toolchain/bin/../lib/gcc/avr/5.4.0/../../../../avr/lib/avr5\libm.a(ldexp.o)
                0x00001640                ldexp
 .text.avr-libc.fplib
                0x000016ac       0xa0 c:/program files (x86)/atmel/studio/7.0/toolchain/avr8/avr8-gnu-toolchain/bin/../lib/gcc/avr/5.4.0/../../../../avr/lib/avr5\libm.a(log.o)
                0x000016bc                log
 .text.avr-libc.fplib
                0x0000174c       0x68 c:/program files (x86)/atmel/studio/7.0/toolchain/avr8/avr8-gnu-toolchain/bin/../lib/gcc/avr/5.4.0/../../../../avr/lib/avr5\libm.a(modf.o)
                0x0000174c                modf
                0x0000174c                modff
 .text.avr-libc.fplib
                0x000017b4       0x1c c:/program files (x86)/atmel/studio/7.0/toolchain/avr8/avr8-gnu-toolchain/bin/../lib/gcc/avr/5.4.0/../../../../avr/lib/avr5\libm.a(fp_mpack.o)
                0x000017b4                __fp_mpack
                0x000017b8                __fp_mpack_finite
 .text.libgcc.div
                0x000017d0       0x44 c:/program files (x86)/atmel/studio/7.0/toolchain/avr8/avr8-gnu-toolchain/bin/../lib/gcc/avr/5.4.0/avr5\libgcc.a(_udivmodsi4.o)
                0x000017d0                __udivmodsi4
                0x00001814                . = ALIGN (0x2)
 *(.fini9)
 .fini9         0x00001814        0x0 c:/program files (x86)/atmel/studio/7.0/toolchain/avr8/avr8-gnu-toolchain/bin/../lib/gcc/avr/5.4.0/avr5\libgcc.a(_exit.o)
                0x00001814                _exit
                0x00001814                exit
 *(.fini9)
 *(.fini8)
 *(.fini8)
 *(.fini7)
 *(.fini7)
 *(.fini6)
 *(.fini6)
 *(.fini5)
 *(.fini5)
 *(.fini4)
 *(.fini4)
 *(.fini3)
 *(.fini3)
 *(.fini2)
 *(.fini2)
 *(.fini1)
 *(.fini1)
 *(.fini0)
 .fini0         0x00001814        0x4 c:/program files (x86)/atmel/studio/7.0/toolchain/avr8/avr8-gnu-toolchain/bin/../lib/gcc/avr/5.4.0/avr5\libgcc.a(_exit.o)
 *(.fini0)
                0x00001818                _etext = .

.data           0x00800060       0x28 load address 0x00001818
                0x00800060                PROVIDE (__data_start, .)
 *(.data)
 *(.data*)
 .data.gext_LCDConfig
                0x00800060       0x15 ECUAL/LCD/lcd_Config.o
                0x00800060                gext_LCDConfig
 *(.gnu.linkonce.d*)
 *(.rodata)
 *(.rodata*)
 .rodata.str1.1
                0x00800075        0xe APP/Car/CarControl.o
 .rodata.str1.1
                0x00800083        0x4 APP/Car/LCD_MainFunction.o
 *(.gnu.linkonce.r*)
                0x00800088                . = ALIGN (0x2)
 *fill*         0x00800087        0x1 
                0x00800088                _edata = .
                0x00800088                PROVIDE (__data_end, .)

.bss            0x00800088       0x1b
                0x00800088                PROVIDE (__bss_start, .)
 *(.bss)
 *(.bss*)
 .bss.g_tick    0x00800088        0x1 ECUAL/ULTRASONIC/Ultrasonic.o
                0x00800088                g_tick
 .bss.g_timer1  0x00800089        0x1 ECUAL/ULTRASONIC/Ultrasonic.o
                0x00800089                g_timer1
 .bss.TIM2_CallBack
                0x0080008a        0x2 MCAL/TIMER/timer.o
 .bss.TIM1_CallBack
                0x0080008c        0x2 MCAL/TIMER/timer.o
 .bss.TIM0_CallBack
                0x0080008e        0x2 MCAL/TIMER/timer.o
 *(COMMON)
 COMMON         0x00800090        0x7 APP/Car/CarControl.o
                0x00800090                configs
                0x00800093                distance
 COMMON         0x00800097        0x4 APP/Car/LCD_MainFunction.o
                0x00800097                LCD_distance
 COMMON         0x0080009b        0x4 APP/Car/Motor_MainFunction.o
                0x0080009b                Motor_distance
 COMMON         0x0080009f        0x4 APP/Car/Sensor_MainFunction.o
                0x0080009f                Sensor_distance
                0x008000a3                PROVIDE (__bss_end, .)
                0x00001818                __data_load_start = LOADADDR (.data)
                0x00001840                __data_load_end = (__data_load_start + SIZEOF (.data))

.noinit         0x008000a3        0x0
                [!provide]                PROVIDE (__noinit_start, .)
 *(.noinit*)
                [!provide]                PROVIDE (__noinit_end, .)
                0x008000a3                _end = .
                [!provide]                PROVIDE (__heap_start, .)

.eeprom         0x00810000        0x0
 *(.eeprom*)
                0x00810000                __eeprom_end = .

.fuse
 *(.fuse)
 *(.lfuse)
 *(.hfuse)
 *(.efuse)

.lock
 *(.lock*)

.signature
 *(.signature*)

.user_signatures
 *(.user_signatures*)

.stab
 *(.stab)

.stabstr
 *(.stabstr)

.stab.excl
 *(.stab.excl)

.stab.exclstr
 *(.stab.exclstr)

.stab.index
 *(.stab.index)

.stab.indexstr
 *(.stab.indexstr)

.comment        0x00000000       0x30
 *(.comment)
 .comment       0x00000000       0x30 APP/Car/CarControl.o
                                 0x31 (size before relaxing)
 .comment       0x00000030       0x31 APP/Car/LCD_MainFunction.o
 .comment       0x00000030       0x31 APP/Car/Motor_MainFunction.o
 .comment       0x00000030       0x31 APP/Car/Sensor_Int.o
 .comment       0x00000030       0x31 APP/Car/Sensor_MainFunction.o
 .comment       0x00000030       0x31 ECUAL/LCD/lcd.o
 .comment       0x00000030       0x31 ECUAL/LCD/lcd_Config.o
 .comment       0x00000030       0x31 ECUAL/Motor/DC Motor.o
 .comment       0x00000030       0x31 ECUAL/ULTRASONIC/Ultrasonic.o
 .comment       0x00000030       0x31 UTILS/utils.o
 .comment       0x00000030       0x31 main.o
 .comment       0x00000030       0x31 MCAL/DIO/dio.o
 .comment       0x00000030       0x31 MCAL/INTERRUPT/interrupt.o
 .comment       0x00000030       0x31 MCAL/PWM/PWM.o
 .comment       0x00000030       0x31 MCAL/TIMER/timer.o

.note.gnu.avr.deviceinfo
                0x00000000       0x3c
 .note.gnu.avr.deviceinfo
                0x00000000       0x3c C:/Program Files (x86)/Atmel/Studio/7.0/Packs/atmel/ATmega_DFP/1.6.364/gcc/dev/atmega32/avr5/crtatmega32.o

.note.gnu.build-id
 *(.note.gnu.build-id)

.debug
 *(.debug)

.line
 *(.line)

.debug_srcinfo
 *(.debug_srcinfo)

.debug_sfnames
 *(.debug_sfnames)

.debug_aranges  0x00000000      0x318
 *(.debug_aranges)
 .debug_aranges
                0x00000000       0x28 APP/Car/CarControl.o
 .debug_aranges
                0x00000028       0x20 APP/Car/LCD_MainFunction.o
 .debug_aranges
                0x00000048       0x20 APP/Car/Motor_MainFunction.o
 .debug_aranges
                0x00000068       0x28 APP/Car/Sensor_Int.o
 .debug_aranges
                0x00000090       0x20 APP/Car/Sensor_MainFunction.o
 .debug_aranges
                0x000000b0       0x70 ECUAL/LCD/lcd.o
 .debug_aranges
                0x00000120       0x18 ECUAL/LCD/lcd_Config.o
 .debug_aranges
                0x00000138       0x30 ECUAL/Motor/DC Motor.o
 .debug_aranges
                0x00000168       0x30 ECUAL/ULTRASONIC/Ultrasonic.o
 .debug_aranges
                0x00000198       0x50 UTILS/utils.o
 .debug_aranges
                0x000001e8       0x20 main.o
 .debug_aranges
                0x00000208       0x40 MCAL/DIO/dio.o
 .debug_aranges
                0x00000248       0x20 MCAL/INTERRUPT/interrupt.o
 .debug_aranges
                0x00000268       0x30 MCAL/PWM/PWM.o
 .debug_aranges
                0x00000298       0x80 MCAL/TIMER/timer.o

.debug_pubnames
 *(.debug_pubnames)

.debug_info     0x00000000     0x3d27
 *(.debug_info .gnu.linkonce.wi.*)
 .debug_info    0x00000000      0x4e6 C:/Program Files (x86)/Atmel/Studio/7.0/Packs/atmel/ATmega_DFP/1.6.364/gcc/dev/atmega32/avr5/crtatmega32.o
 .debug_info    0x000004e6      0x3bf APP/Car/CarControl.o
 .debug_info    0x000008a5      0x236 APP/Car/LCD_MainFunction.o
 .debug_info    0x00000adb      0x266 APP/Car/Motor_MainFunction.o
 .debug_info    0x00000d41       0xf0 APP/Car/Sensor_Int.o
 .debug_info    0x00000e31      0x1a5 APP/Car/Sensor_MainFunction.o
 .debug_info    0x00000fd6     0x1323 ECUAL/LCD/lcd.o
 .debug_info    0x000022f9      0x156 ECUAL/LCD/lcd_Config.o
 .debug_info    0x0000244f      0x3f9 ECUAL/Motor/DC Motor.o
 .debug_info    0x00002848      0x482 ECUAL/ULTRASONIC/Ultrasonic.o
 .debug_info    0x00002cca      0x3f3 UTILS/utils.o
 .debug_info    0x000030bd      0x181 main.o
 .debug_info    0x0000323e      0x2c6 MCAL/DIO/dio.o
 .debug_info    0x00003504      0x236 MCAL/INTERRUPT/interrupt.o
 .debug_info    0x0000373a      0x2bc MCAL/PWM/PWM.o
 .debug_info    0x000039f6      0x331 MCAL/TIMER/timer.o

.debug_abbrev   0x00000000     0x14e7
 *(.debug_abbrev)
 .debug_abbrev  0x00000000      0x4a3 C:/Program Files (x86)/Atmel/Studio/7.0/Packs/atmel/ATmega_DFP/1.6.364/gcc/dev/atmega32/avr5/crtatmega32.o
 .debug_abbrev  0x000004a3      0x153 APP/Car/CarControl.o
 .debug_abbrev  0x000005f6       0xfe APP/Car/LCD_MainFunction.o
 .debug_abbrev  0x000006f4       0xf5 APP/Car/Motor_MainFunction.o
 .debug_abbrev  0x000007e9       0x8f APP/Car/Sensor_Int.o
 .debug_abbrev  0x00000878       0xd2 APP/Car/Sensor_MainFunction.o
 .debug_abbrev  0x0000094a      0x276 ECUAL/LCD/lcd.o
 .debug_abbrev  0x00000bc0       0x8e ECUAL/LCD/lcd_Config.o
 .debug_abbrev  0x00000c4e       0xff ECUAL/Motor/DC Motor.o
 .debug_abbrev  0x00000d4d      0x193 ECUAL/ULTRASONIC/Ultrasonic.o
 .debug_abbrev  0x00000ee0      0x182 UTILS/utils.o
 .debug_abbrev  0x00001062       0xc9 main.o
 .debug_abbrev  0x0000112b       0xf2 MCAL/DIO/dio.o
 .debug_abbrev  0x0000121d       0xe3 MCAL/INTERRUPT/interrupt.o
 .debug_abbrev  0x00001300       0xff MCAL/PWM/PWM.o
 .debug_abbrev  0x000013ff       0xe8 MCAL/TIMER/timer.o

.debug_line     0x00000000     0x207d
 *(.debug_line .debug_line.* .debug_line_end)
 .debug_line    0x00000000      0x116 C:/Program Files (x86)/Atmel/Studio/7.0/Packs/atmel/ATmega_DFP/1.6.364/gcc/dev/atmega32/avr5/crtatmega32.o
 .debug_line    0x00000116      0x244 APP/Car/CarControl.o
 .debug_line    0x0000035a       0xe2 APP/Car/LCD_MainFunction.o
 .debug_line    0x0000043c      0x13b APP/Car/Motor_MainFunction.o
 .debug_line    0x00000577       0xac APP/Car/Sensor_Int.o
 .debug_line    0x00000623       0xf8 APP/Car/Sensor_MainFunction.o
 .debug_line    0x0000071b      0x638 ECUAL/LCD/lcd.o
 .debug_line    0x00000d53       0x9f ECUAL/LCD/lcd_Config.o
 .debug_line    0x00000df2      0x27f ECUAL/Motor/DC Motor.o
 .debug_line    0x00001071      0x21d ECUAL/ULTRASONIC/Ultrasonic.o
 .debug_line    0x0000128e      0x2eb UTILS/utils.o
 .debug_line    0x00001579       0xcd main.o
 .debug_line    0x00001646      0x2f6 MCAL/DIO/dio.o
 .debug_line    0x0000193c      0x172 MCAL/INTERRUPT/interrupt.o
 .debug_line    0x00001aae      0x1e0 MCAL/PWM/PWM.o
 .debug_line    0x00001c8e      0x3ef MCAL/TIMER/timer.o

.debug_frame    0x00000000      0x838
 *(.debug_frame)
 .debug_frame   0x00000000       0x34 APP/Car/CarControl.o
 .debug_frame   0x00000034       0x24 APP/Car/LCD_MainFunction.o
 .debug_frame   0x00000058       0x38 APP/Car/Motor_MainFunction.o
 .debug_frame   0x00000090       0x48 APP/Car/Sensor_Int.o
 .debug_frame   0x000000d8       0x24 APP/Car/Sensor_MainFunction.o
 .debug_frame   0x000000fc      0x130 ECUAL/LCD/lcd.o
 .debug_frame   0x0000022c       0x60 ECUAL/Motor/DC Motor.o
 .debug_frame   0x0000028c       0xa8 ECUAL/ULTRASONIC/Ultrasonic.o
 .debug_frame   0x00000334      0x178 UTILS/utils.o
 .debug_frame   0x000004ac       0x24 main.o
 .debug_frame   0x000004d0       0x64 MCAL/DIO/dio.o
 .debug_frame   0x00000534       0x24 MCAL/INTERRUPT/interrupt.o
 .debug_frame   0x00000558       0x4c MCAL/PWM/PWM.o
 .debug_frame   0x000005a4      0x294 MCAL/TIMER/timer.o

.debug_str      0x00000000      0xbe2
 *(.debug_str)
 .debug_str     0x00000000      0x196 C:/Program Files (x86)/Atmel/Studio/7.0/Packs/atmel/ATmega_DFP/1.6.364/gcc/dev/atmega32/avr5/crtatmega32.o
 .debug_str     0x00000196      0x2bf APP/Car/CarControl.o
                                0x2e6 (size before relaxing)
 .debug_str     0x00000455       0x5b APP/Car/LCD_MainFunction.o
                                0x256 (size before relaxing)
 .debug_str     0x000004b0       0x3d APP/Car/Motor_MainFunction.o
                                0x230 (size before relaxing)
 .debug_str     0x000004ed       0x4c APP/Car/Sensor_Int.o
                                0x1aa (size before relaxing)
 .debug_str     0x00000539       0x21 APP/Car/Sensor_MainFunction.o
                                0x237 (size before relaxing)
 .debug_str     0x0000055a       0xf4 ECUAL/LCD/lcd.o
                                0x367 (size before relaxing)
 .debug_str     0x0000064e       0x1a ECUAL/LCD/lcd_Config.o
                                0x207 (size before relaxing)
 .debug_str     0x00000668       0x7d ECUAL/Motor/DC Motor.o
                                0x27a (size before relaxing)
 .debug_str     0x000006e5       0xd7 ECUAL/ULTRASONIC/Ultrasonic.o
                                0x345 (size before relaxing)
 .debug_str     0x000007bc       0xc6 UTILS/utils.o
                                0x223 (size before relaxing)
 .debug_str     0x00000882       0x11 main.o
                                0x1e8 (size before relaxing)
 .debug_str     0x00000893       0x5c MCAL/DIO/dio.o
                                0x243 (size before relaxing)
 .debug_str     0x000008ef       0x4a MCAL/INTERRUPT/interrupt.o
                                0x28c (size before relaxing)
 .debug_str     0x00000939      0x182 MCAL/PWM/PWM.o
                                0x377 (size before relaxing)
 .debug_str     0x00000abb      0x127 MCAL/TIMER/timer.o
                                0x2a0 (size before relaxing)

.debug_loc      0x00000000     0x23fb
 *(.debug_loc)
 .debug_loc     0x00000000       0x5e APP/Car/CarControl.o
 .debug_loc     0x0000005e       0x49 APP/Car/Motor_MainFunction.o
 .debug_loc     0x000000a7       0xb5 APP/Car/Sensor_Int.o
 .debug_loc     0x0000015c      0x6c2 ECUAL/LCD/lcd.o
 .debug_loc     0x0000081e      0x32a ECUAL/Motor/DC Motor.o
 .debug_loc     0x00000b48      0x1f4 ECUAL/ULTRASONIC/Ultrasonic.o
 .debug_loc     0x00000d3c      0x83e UTILS/utils.o
 .debug_loc     0x0000157a      0x3ce MCAL/DIO/dio.o
 .debug_loc     0x00001948       0xfc MCAL/INTERRUPT/interrupt.o
 .debug_loc     0x00001a44      0x173 MCAL/PWM/PWM.o
 .debug_loc     0x00001bb7      0x844 MCAL/TIMER/timer.o

.debug_macinfo
 *(.debug_macinfo)

.debug_weaknames
 *(.debug_weaknames)

.debug_funcnames
 *(.debug_funcnames)

.debug_typenames
 *(.debug_typenames)

.debug_varnames
 *(.debug_varnames)

.debug_pubtypes
 *(.debug_pubtypes)

.debug_ranges   0x00000000      0x238
 *(.debug_ranges)
 .debug_ranges  0x00000000       0x18 APP/Car/CarControl.o
 .debug_ranges  0x00000018       0x10 APP/Car/LCD_MainFunction.o
 .debug_ranges  0x00000028       0x10 APP/Car/Motor_MainFunction.o
 .debug_ranges  0x00000038       0x18 APP/Car/Sensor_Int.o
 .debug_ranges  0x00000050       0x10 APP/Car/Sensor_MainFunction.o
 .debug_ranges  0x00000060       0x60 ECUAL/LCD/lcd.o
 .debug_ranges  0x000000c0       0x20 ECUAL/Motor/DC Motor.o
 .debug_ranges  0x000000e0       0x20 ECUAL/ULTRASONIC/Ultrasonic.o
 .debug_ranges  0x00000100       0x58 UTILS/utils.o
 .debug_ranges  0x00000158       0x10 main.o
 .debug_ranges  0x00000168       0x30 MCAL/DIO/dio.o
 .debug_ranges  0x00000198       0x10 MCAL/INTERRUPT/interrupt.o
 .debug_ranges  0x000001a8       0x20 MCAL/PWM/PWM.o
 .debug_ranges  0x000001c8       0x70 MCAL/TIMER/timer.o

.debug_macro
 *(.debug_macro)
OUTPUT(Car.elf elf32-avr)
LOAD linker stubs
